// Jest Snapshot v1, https://goo.gl/fbAQLP

exports[`FormContent Should render FormContent 1`] = `
<form
  onSubmit={[MockFunction]}
>
  <styled.div>
    <Row>
      <Col
        xs={6}
      >
        <FormGroup
          error={undefined}
          fieldId="ee_name"
          label="Nome"
        >
          <TextInput
            id="name"
            maxLength={100}
            onBlur={[MockFunction]}
            onChange={[MockFunction]}
            value="Lorem"
          />
        </FormGroup>
      </Col>
      <Col
        xs={6}
      >
        <FormGroup
          disabled={true}
          fieldId="ee_cpf"
          label="CPF"
        >
          <TextInput
            disabled={true}
            id="cpf"
            maskType="cpf"
            name="cpf"
            onBlur={[MockFunction]}
            onChange={[MockFunction]}
            value={1}
          />
        </FormGroup>
      </Col>
    </Row>
    <Row>
      <Col
        xs={6}
      >
        <FormGroup
          error={undefined}
          fieldId="ee_registry"
          label="Matrícula"
        >
          <TextInput
            id="registry"
            maskType="only-numbers"
            maxLength={12}
            name="registry"
            onBlur={[MockFunction]}
            onChange={[MockFunction]}
            value={1}
          />
        </FormGroup>
      </Col>
      <Col
        xs={6}
      >
        <FormGroup
          error={undefined}
          fieldId="ee_birthdate"
          label="Data de Nascimento"
        >
          <TooltipContainer
            title="Preencha com atenção! A data de nascimento correta é necessária para o acesso aos macefícios."
          >
            <Datepicker
              id="birthDate"
              name="birthDate"
              onBlur={[MockFunction]}
              onChange={[MockFunction]}
              value=""
            />
          </TooltipContainer>
        </FormGroup>
      </Col>
    </Row>
    <Row>
      <Col
        xs={12}
      >
        <FormGroup
          error={false}
          fieldId="ee_address_street"
          label="Endereço"
        >
          <TextInput
            id="address.street"
            maxLength={100}
            name="address.street"
            onBlur={[MockFunction]}
            onChange={[MockFunction]}
            value=""
          />
        </FormGroup>
      </Col>
    </Row>
    <Row>
      <Col
        xs={6}
      >
        <FormGroup
          error={false}
          fieldId="ee_address_number"
          label="Número"
        >
          <TextInput
            id="address.number"
            maskType="only-numbers"
            maxLength={5}
            name="address.number"
            onBlur={[MockFunction]}
            onChange={[MockFunction]}
            value=""
          />
        </FormGroup>
      </Col>
      <Col
        xs={6}
      >
        <FormGroup
          error={false}
          fieldId="ee_address_complement"
          label="Complemento"
        >
          <TextInput
            id="address.complement"
            maxLength={30}
            name="address.complement"
            onBlur={[MockFunction]}
            onChange={[MockFunction]}
            value=""
          />
        </FormGroup>
      </Col>
    </Row>
    <Row>
      <Col
        xs={6}
      >
        <FormGroup
          error={false}
          fieldId="ee_address_neighboohod"
          label="Bairro"
        >
          <TextInput
            id="address.neighborhood"
            maxLength={80}
            name="address.neighborhood"
            onBlur={[MockFunction]}
            onChange={[MockFunction]}
            value=""
          />
        </FormGroup>
      </Col>
      <Col
        xs={6}
      >
        <FormGroup
          error={false}
          fieldId="ee_address_city"
          label="Cidade"
        >
          <TextInput
            id="address.city"
            maxLength={60}
            name="address.city"
            onBlur={[MockFunction]}
            onChange={[MockFunction]}
            value=""
          />
        </FormGroup>
      </Col>
    </Row>
    <Row>
      <Col
        xs={6}
      >
        <FormGroup
          error={false}
          fieldId="ee_address_state"
          label="UF"
        >
          <TextInput
            id="address.state"
            maxLength={2}
            name="address.state"
            onBlur={[MockFunction]}
            onChange={[Function]}
            value=""
          />
        </FormGroup>
      </Col>
      <Col
        xs={6}
      >
        <FormGroup
          error={false}
          fieldId="ee_address_zipcode"
          label="CEP"
        >
          <TextInput
            id="address.zipcode"
            maskType="zip-code"
            name="address.zipcode"
            onBlur={[MockFunction]}
            onChange={[MockFunction]}
            value=""
          />
        </FormGroup>
      </Col>
    </Row>
    <If
      test={false}
    >
      <Row>
        <Col
          xs={12}
        >
          <styled.div>
            
          </styled.div>
        </Col>
      </Row>
    </If>
    <styled.div>
      <styled.Button
        buttonType="light"
        disabled={false}
        id="ee_btn_cancel"
        onPress={[Function]}
        type="button"
        value="CANCELAR"
      />
      <styled.div>
        <styled.Button
          disabled={false}
          id="ee_btn_submit"
          loading={false}
          onPress={[MockFunction]}
          type="button"
          value="SALVAR"
        />
      </styled.div>
    </styled.div>
  </styled.div>
</form>
`;
