// Jest Snapshot v1, https://goo.gl/fbAQLP

exports[`ChargeBackDetails Should render ChargeBackDetails 1`] = `
<UNDEFINED>
  <If
    test={false}
  >
    <styled.div>
      <Loading
        loading={true}
      />
    </styled.div>
  </If>
  <If
    test={true}
  >
    <styled.ContainerWrapper
      extraComponent={
        <Styled(Row)>
          <styled.span
            id="view_term_accept"
            onClick={[MockFunction]}
          >
            Ver termo de aceite
          </styled.span>
        </Styled(Row)>
      }
      headerClickHandler={[MockFunction]}
      isInsideAnother={true}
      showBackIcon={true}
      title="Voltar para lista de Estornos"
    >
      <styled.div
        id="chargebackDetails_containerHeader"
      >
        <Styled(Row)
          id="chargebackDetails_header"
        >
          <Styled(Col)
            id="details_idEstorno"
            md={1}
          >
            ID Estorno
          </Styled(Col)>
          <Styled(Col)
            id="details_solicitante"
            md={2}
          >
            Nome solicitante
          </Styled(Col)>
          <Styled(Col)
            id="details_dataHora"
            md={2}
          >
            Data e Hora
          </Styled(Col)>
          <Styled(Col)
            id="details_valorSolicitado"
            md={1}
          >
            Solicitado
          </Styled(Col)>
          <Styled(Col)
            id="details_valorEstornado"
            md={1}
          >
            Estornado
          </Styled(Col)>
          <Styled(Col)
            id="details_motivo"
            md={2}
          >
            Motivo
          </Styled(Col)>
          <Styled(Col)
            id="details_quantidade"
            md={1}
          >
            Quantidade
          </Styled(Col)>
          <Styled(Col)
            id="details_status"
            md={1}
          >
            Status
          </Styled(Col)>
        </Styled(Row)>
        <Styled(Row)
          id="chargebackDetails_content"
        >
          <styled.TableCol
            id="details_header_idEstorno"
            md={1}
          >
            87654322
          </styled.TableCol>
          <Styled(styled.TableCol)
            data-for="details_header_solicitante"
            data-tip={true}
            id="details_header_solicitante"
            md={2}
          />
          <ReactTooltip
            aria-haspopup="true"
            clickable={false}
            id="details_header_solicitante"
            insecure={true}
            resizeHide={true}
            wrapper="div"
          />
          <styled.TableCol
            id="details_header_dataHora"
            md={2}
          />
          <Styled(Styled(Col))
            id="details_header_valorSolicitado"
            md={1}
          />
          <Styled(Styled(Col))
            id="details_header_valorEstornado"
            md={1}
          />
          <styled.TableCol
            id="details_header_motivo"
            md={2}
          />
          <styled.TableCol
            id="details_header_quantidade"
            md={1}
          />
          <Styled(Styled(Col))
            fill={undefined}
            id="details_header_status"
            md={1}
          >
            Processando
          </Styled(Styled(Col))>
        </Styled(Row)>
      </styled.div>
      <WithPagination
        callback={[MockFunction]}
        data={undefined}
        itemsPerPage={10}
        render={[Function]}
        showLoading={true}
        status="success"
      />
    </styled.ContainerWrapper>
  </If>
</UNDEFINED>
`;
