// Jest Snapshot v1, https://goo.gl/fbAQLP

exports[`Delivery Places Grid - Unit Tests Should render Grid with default props 1`] = `
<UNDEFINED>
  <styled.TableHeader
    id="delivery_places_header_row"
  >
    <styled.TableHeaderCol
      id="delivery_places_header_col_name"
      xs={2}
    >
      Nome do Local
    </styled.TableHeaderCol>
    <styled.TableHeaderCol
      id="delivery_places_header_col_addr"
      xs={4}
    >
      Endereço
    </styled.TableHeaderCol>
    <styled.TableHeaderCol
      id="delivery_places_header_col_resp_one"
      xs={2}
    >
      Responsável 1
    </styled.TableHeaderCol>
    <styled.TableHeaderCol
      id="delivery_places_header_col_resp_two"
      xs={2}
    >
      Responsável 2
    </styled.TableHeaderCol>
    <styled.TableHeaderCol
      xs={1}
    />
  </styled.TableHeader>
  <styled.TableRow
    id="delivery_places_body_row_0"
  >
    <styled.TableCol
      id="delivery_places_body_col_0_code"
      title={undefined}
      xs={2}
    />
    <styled.TableCol
      id="delivery_places_body_col_0_addr"
      title="addr_1"
      xs={4}
    >
      addr_1
    </styled.TableCol>
    <styled.TableCol
      id="delivery_places_body_col_0_resp_one"
      title="FCN_1"
      xs={2}
    >
      FCN_1
    </styled.TableCol>
    <styled.TableCol
      id="delivery_places_body_col_0_resp_two"
      title="SCN_1"
      xs={2}
    >
      SCN_1
    </styled.TableCol>
    <styled.TableCol
      id="delivery_places_body_col_0_details"
      xs={1}
    >
      <styled.button
        id="btn_delivery_places_body_col_0?_delivery"
        onClick={[Function]}
      >
        Detalhes
      </styled.button>
    </styled.TableCol>
  </styled.TableRow>
  <styled.TableRow
    id="delivery_places_body_row_1"
  >
    <styled.TableCol
      id="delivery_places_body_col_1_code"
      title={undefined}
      xs={2}
    />
    <styled.TableCol
      id="delivery_places_body_col_1_addr"
      title="addr_2"
      xs={4}
    >
      addr_2
    </styled.TableCol>
    <styled.TableCol
      id="delivery_places_body_col_1_resp_one"
      title="FCN_2"
      xs={2}
    >
      FCN_2
    </styled.TableCol>
    <styled.TableCol
      id="delivery_places_body_col_1_resp_two"
      title="SCN_2"
      xs={2}
    >
      SCN_2
    </styled.TableCol>
    <styled.TableCol
      id="delivery_places_body_col_1_details"
      xs={1}
    >
      <styled.button
        id="btn_delivery_places_body_col_1?_delivery"
        onClick={[Function]}
      >
        Detalhes
      </styled.button>
    </styled.TableCol>
  </styled.TableRow>
</UNDEFINED>
`;
