// Jest Snapshot v1, https://goo.gl/fbAQLP

exports[`AppRouter Should render AppRouter 1`] = `
<BrowserRouter>
  <ThemeProvider
    theme={Object {}}
  >
    <Switch>
      <Route
        exact={true}
        path="/primeiro-acesso"
      >
        <withRouter()>
          <CreatePassword />
        </withRouter()>
      </Route>
      <Route
        exact={true}
        path="/criar-senha"
      >
        <withRouter()>
          <CreatePassword />
        </withRouter()>
      </Route>
      <Route
        exact={true}
        path="/senha-criada"
      >
        <withRouter()>
          <CreatedPassword />
        </withRouter()>
      </Route>
      <Route
        exact={true}
        path="/termo-privacidade"
      >
        <withRouter()>
          <UNDEFINED />
        </withRouter()>
      </Route>
      <Route
        exact={true}
        path="/atualizar-usuario"
      >
        <withRouter()>
          <UNDEFINED />
        </withRouter()>
      </Route>
      <Route
        exact={true}
        path="/login"
      >
        <withRouter()>
          <Login />
        </withRouter()>
      </Route>
      <Route
        exact={true}
        path="/recuperar-senha"
      >
        <withRouter()>
          <ForgotPassword />
        </withRouter()>
      </Route>
      <PrivateRoute
        component="AccessPermission"
        exact={true}
        path="/permissao-accesso"
      />
      <PrivateRoute
        component="UsersRegistry"
        exact={true}
        path="/cadastrar-usuario"
      />
      <PrivateRoute
        component="UsersRegistryEdit"
        exact={true}
        path="/editar-usuario/:userId"
      />
      <PrivateRoute
        component="EmployeeStatement"
        exact={true}
        path="/funcionarios/extrato-funcionario/:employeeCPF?"
      />
      <PrivateRoute
        component="Employees"
        exact={true}
        path="/funcionarios"
      />
      <PrivateRoute
        component="OrdersDashboard"
        exact={true}
        path="/pedidos"
      />
      <PrivateRoute
        component={undefined}
        exact={true}
        path="/confirmar-pedido/:orderId"
      />
      <PrivateRoute
        component="Finances"
        exact={false}
        path="/financeiro"
      />
      <PrivateRoute
        component="OrderDetails"
        exact={true}
        path="/pedidos/detalhes/:orderId?"
      />
      <PrivateRoute
        component="OrderNew"
        exact={true}
        path="/pedidos/novo"
      />
      <PrivateRoute
        component="OrderErrors"
        exact={true}
        path="/pedidos/erros/:fileId?"
      />
      <PrivateRoute
        component="UserDetails"
        exact={true}
        path="/usuarios/detalhes/:matrixId?"
      />
      <PrivateRoute
        component="OrderDetailsByCompany"
        exact={true}
        path="/pedidos/detalhes/:orderId?/:chargeId?"
      />
      <PrivateRoute
        component="DeliveryPlaces"
        exact={true}
        path="/locais-entrega"
      />
      <PrivateRoute
        component="DeliveryPlacesNew"
        exact={true}
        path="/locais-entrega/novo"
      />
      <PrivateRoute
        component={undefined}
        exact={true}
        path="/locais-entrega/cadastrar-local"
      />
      <PrivateRoute
        component={undefined}
        exact={true}
        path="/locais-entrega/editar-local/:deliveryPlaceId"
      />
      <PrivateRoute
        component="DeliveryPlacesSuccess"
        exact={true}
        path="/locais-entrega/sucesso"
      />
      <PrivateRoute
        component="DeliveryPlacesErrors"
        exact={true}
        path="/locais-entrega/erros/:fileId?"
      />
      <PrivateRoute
        component={undefined}
        exact={true}
        path="/relatorios"
      />
      <PrivateRoute
        component={undefined}
        exact={true}
        path="/conversor"
      />
      <Route>
        <withRouter()>
          <PageNotFound />
        </withRouter()>
      </Route>
    </Switch>
  </ThemeProvider>
</BrowserRouter>
`;
